// Vitest Snapshot v1

exports[`hello test suites > snapshot 1`] = `
{
  "foo": "bar",
}
`;
